interactions:
- request:
    body: '{"q": "applicationNumberText:16123456", "fields": ["applicationNumberText"]}'
    headers:
      X-API-KEY:
      - REDACTED
      accept:
      - application/json
      accept-encoding:
      - gzip, deflate
      connection:
      - keep-alive
      content-length:
      - '76'
      content-type:
      - application/json
      host:
      - beta-api.uspto.gov
      user-agent:
      - Mozilla/5.0 Python Patent Clientbot/5.0.14 (parkerhancock@users.noreply.github.com)
    method: POST
    uri: https://beta-api.uspto.gov/api/v1/patent/applications/search
  response:
    content: '{"count":1,"patentBag":[{"applicationNumberText":"16123456"}],"requestIdentifier":"e858d441-d0e8-41b6-96ed-8588892578c0"}'
    headers:
      access-control-allow-headers:
      - Origin, X-Requested-With, Content-Type, Accept
      access-control-allow-methods:
      - OPTIONS,POST,GET
      access-control-allow-origin:
      - '*'
      content-length:
      - '121'
      content-type:
      - application/json
      date:
      - Wed, 22 May 2024 16:19:31 GMT
      x-amz-apigw-id:
      - YLkrFGN_IAMFcKg=
      x-amzn-requestid:
      - e858d441-d0e8-41b6-96ed-8588892578c0
      x-amzn-trace-id:
      - Root=1-664e1b13-360169164a69448e2036da7e;Parent=70ce26bc9c8b7ee0;Sampled=0;lineage=33e8fdb8:0
    http_version: HTTP/2
    status_code: 200
- request:
    body: '{"q": "applicationNumberText:16123456", "fields": ["firstInventorToFileIndicator",
      "filingDate", "inventorBag", "customerNumber", "groupArtUnitNumber", "inventionTitle",
      "correspondenceAddressBag", "applicationConfirmationNumber", "docketNumber",
      "applicationNumberText", "firstInventorName", "firstApplicantName", "cpcClassificationBag",
      "businessEntityStatusCategory", "earliestPublicationNumber"], "pagination":
      {"offset": 0, "limit": 1}}'
    headers:
      X-API-KEY:
      - REDACTED
      accept:
      - application/json
      accept-encoding:
      - gzip, deflate
      connection:
      - keep-alive
      content-length:
      - '441'
      content-type:
      - application/json
      host:
      - beta-api.uspto.gov
      user-agent:
      - Mozilla/5.0 Python Patent Clientbot/5.0.14 (parkerhancock@users.noreply.github.com)
    method: POST
    uri: https://beta-api.uspto.gov/api/v1/patent/applications/search
  response:
    content: '{"count":1,"patentBag":[{"firstInventorToFileIndicator":"Y","filingDate":"2018-09-06","inventorBag":[{"firstName":"Shoji","lastName":"KANADA","inventorNameText":"Shoji
      KANADA","correspondenceAddressBag":[{"cityName":"Tokyo","countryCode":"JP","nameLineOneText":"KANADA,
      Shoji","countryName":"JAPAN","postalAddressCategory":"residence"},{"cityName":"Tokyo","countryCode":"JP","nameLineOneText":"Shoji  KANADA","countryName":"JAPAN","addressLineOneText":"c/o
      FUJIFILM Corporation","addressLineTwoText":"7-3, Akasaka 9-chome, Minato-ku","postalAddressCategory":"postal"}]}],"businessEntityStatusCategory":"Regular
      Undiscounted","firstApplicantName":"FUJIFILM Corporation","customerNumber":2292,"groupArtUnitNumber":"2641","applicationNumberText":"16123456","earliestPublicationNumber":"US
      2019-0095759 A1","inventionTitle":"LEARNING ASSISTANCE DEVICE, METHOD OF OPERATING
      LEARNING ASSISTANCE DEVICE, LEARNING ASSISTANCE PROGRAM, LEARNING ASSISTANCE
      SYSTEM, AND TERMINAL DEVICE","correspondenceAddressBag":[{"cityName":"Falls
      Church","geographicRegionName":"VIRGINIA","geographicRegionCode":"VA","countryCode":"US","postalCode":"22042-1248","nameLineOneText":"BIRCH
      STEWART KOLASCH & BIRCH, LLP","countryName":"UNITED STATES","addressLineOneText":"8110
      Gatehouse Road","addressLineTwoText":"Suite 100 East"}],"firstInventorName":"Shoji
      KANADA","cpcClassificationBag":["G06N3/08","G16H30/20","G16H50/70","G16H30/40","G06N20/00","G06V10/7784","G06V10/774","G06F18/2178","G06N3/042","G06F18/217","G06F18/214","G06N3/045"],"applicationConfirmationNumber":7051,"docketNumber":"1982-1042PUS1"}],"requestIdentifier":"263aa7bc-ef46-4507-b41b-400174f92c4f"}'
    headers:
      access-control-allow-headers:
      - Origin, X-Requested-With, Content-Type, Accept
      access-control-allow-methods:
      - OPTIONS,POST,GET
      access-control-allow-origin:
      - '*'
      content-length:
      - '1644'
      content-type:
      - application/json
      date:
      - Wed, 22 May 2024 16:19:31 GMT
      x-amz-apigw-id:
      - YLkrGEw9IAMF7Ig=
      x-amzn-requestid:
      - 263aa7bc-ef46-4507-b41b-400174f92c4f
      x-amzn-trace-id:
      - Root=1-664e1b13-0d97b730229e13651c7ce187;Parent=6e3da98ee5b8b41d;Sampled=0;lineage=33e8fdb8:0
    http_version: HTTP/2
    status_code: 200
- request:
    body: ''
    headers:
      X-API-KEY:
      - REDACTED
      accept:
      - '*/*'
      accept-encoding:
      - gzip, deflate
      connection:
      - keep-alive
      host:
      - beta-api.uspto.gov
      user-agent:
      - Mozilla/5.0 Python Patent Clientbot/5.0.14 (parkerhancock@users.noreply.github.com)
    method: GET
    uri: https://beta-api.uspto.gov/api/v1/patent/applications/16123456/continuity
  response:
    content: '{"count":1,"patentBag":[{"continuityBag":{"childContinuityBag":[{"firstInventorToFileIndicator":true,"childApplicationStatusDescriptionText":"Patented
      Case","claimParentageTypeCode":"DIV","childApplicationStatusCode":150,"claimParentageTypeCodeDescription":"is
      a Division of","childPatentNumber":"11797846","parentApplicationNumberText":"16123456","childApplicationFilingDate":"2020-12-22","childApplicationNumberText":"17130468"}]}}],"requestIdentifier":"ae8d0cc2-d580-4aad-849c-64fd03aa12e9"}'
    headers:
      access-control-allow-headers:
      - Origin, X-Requested-With, Content-Type, Accept
      access-control-allow-methods:
      - OPTIONS,POST,GET
      access-control-allow-origin:
      - '*'
      content-length:
      - '494'
      content-type:
      - application/json
      date:
      - Wed, 22 May 2024 16:00:14 GMT
      x-amz-apigw-id:
      - YLh2VF3hIAMFkQw=
      x-amzn-requestid:
      - ae8d0cc2-d580-4aad-849c-64fd03aa12e9
      x-amzn-trace-id:
      - Root=1-664e168e-451c15290ac0923544e8a173;Parent=7e5465af79fc063d;Sampled=0;lineage=33e8fdb8:0
    http_version: HTTP/2
    status_code: 200
version: 1
