interactions:
- request:
    body: ''
    headers:
      accept:
      - '*/*'
      accept-encoding:
      - gzip, deflate
      connection:
      - keep-alive
      cookie:
      - TS0195c4fe=01874167c7a1ed7b516565dcedb5cc13eccdc1db4f1afa98b62a1e4bb879cbf8c4b4dab5b593225724e449b0e1a82f30504c048a59
      host:
      - bulkdata.uspto.gov
      user-agent:
      - Mozilla/5.0 Python Patent Clientbot/5.0.0 (parkerhancock@users.noreply.github.com)
    method: GET
    uri: https://bulkdata.uspto.gov/BDSS-API/products/PTGRXML?fromYear=2023&fromMonth=6&fromDay=15&toYear=2023&toMonth=6&toDay=30
  response:
    content: '{"productLinkPath":"/BDSS-API/products/PTGRXML","productIdentifier":15375,"productShortName":"PTGRXML","productDesc":"Contains
      (JAN 2002 - present) the full text of each patent grant issued weekly (Tuesdays)
      (excludes images/drawings and reexaminations). The file format is eXtensible
      Markup Language (XML) in accordance with the Patent Grant International Common
      Element (ICE) Document Type Definition (DTD).","productTitle":"Patent grant
      full text data/XML","productFrequency":"WEEKLY","productLevel":"PRODUCT","productFromDate":"2002-01-01","productToDate":"2024-04-23","numberOfFiles":1189,"parentProduct":null,"productFiles":[{"fileLinkPath":"/BDSS-API/productFiles/8061270","fileIdentifier":8061270,"fileName":"ipg230620.zip","fileSize":124828553,"fileDownloadUrl":"https://bulkdata.uspto.gov/data/patent/grant/redbook/fulltext/2023/ipg230620.zip","fileFromTime":"2023-06-20","fileToTime":"2023-06-20","fileType":"Data","fileReleaseDate":"2023-06-20"},{"fileLinkPath":"/BDSS-API/productFiles/8061252","fileIdentifier":8061252,"fileName":"ipg230627.zip","fileSize":143420034,"fileDownloadUrl":"https://bulkdata.uspto.gov/data/patent/grant/redbook/fulltext/2023/ipg230627.zip","fileFromTime":"2023-06-27","fileToTime":"2023-06-27","fileType":"Data","fileReleaseDate":"2023-06-27"}]}'
    headers:
      Access-Control-Allow-Headers:
      - Content-Type
      Access-Control-Allow-Methods:
      - GET
      Content-Length:
      - '1286'
      Content-Type:
      - application/json
      Date:
      - Wed, 01 May 2024 18:45:25 GMT
      Set-Cookie:
      - TS0195c4fe=01874167c7a1ed7b516565dcedb5cc13eccdc1db4f1afa98b62a1e4bb879cbf8c4b4dab5b593225724e449b0e1a82f30504c048a59;
        Path=/; Domain=.bulkdata.uspto.gov
      X-Cnection:
      - close
      X-Frame-Options:
      - DENY
    http_version: HTTP/1.1
    status_code: 200
- request:
    body: ''
    headers:
      accept:
      - '*/*'
      accept-encoding:
      - gzip, deflate
      connection:
      - keep-alive
      cookie:
      - TS0195c4fe=01874167c7a1ed7b516565dcedb5cc13eccdc1db4f1afa98b62a1e4bb879cbf8c4b4dab5b593225724e449b0e1a82f30504c048a59
      host:
      - bulkdata.uspto.gov
      user-agent:
      - Mozilla/5.0 Python Patent Clientbot/5.0.0 (parkerhancock@users.noreply.github.com)
    method: GET
    uri: https://bulkdata.uspto.gov/BDSS-API/products/PTGRXML?fromYear=2023&fromMonth=7&fromDay=1&toYear=2023&toMonth=7&toDay=31
  response:
    content: '{"productLinkPath":"/BDSS-API/products/PTGRXML","productIdentifier":15375,"productShortName":"PTGRXML","productDesc":"Contains
      (JAN 2002 - present) the full text of each patent grant issued weekly (Tuesdays)
      (excludes images/drawings and reexaminations). The file format is eXtensible
      Markup Language (XML) in accordance with the Patent Grant International Common
      Element (ICE) Document Type Definition (DTD).","productTitle":"Patent grant
      full text data/XML","productFrequency":"WEEKLY","productLevel":"PRODUCT","productFromDate":"2002-01-01","productToDate":"2024-04-23","numberOfFiles":1189,"parentProduct":null,"productFiles":[{"fileLinkPath":"/BDSS-API/productFiles/8061261","fileIdentifier":8061261,"fileName":"ipg230704.zip","fileSize":145732061,"fileDownloadUrl":"https://bulkdata.uspto.gov/data/patent/grant/redbook/fulltext/2023/ipg230704.zip","fileFromTime":"2023-07-04","fileToTime":"2023-07-04","fileType":"Data","fileReleaseDate":"2023-07-04"},{"fileLinkPath":"/BDSS-API/productFiles/8061274","fileIdentifier":8061274,"fileName":"ipg230711.zip","fileSize":98142981,"fileDownloadUrl":"https://bulkdata.uspto.gov/data/patent/grant/redbook/fulltext/2023/ipg230711.zip","fileFromTime":"2023-07-11","fileToTime":"2023-07-11","fileType":"Data","fileReleaseDate":"2023-07-11"},{"fileLinkPath":"/BDSS-API/productFiles/8061241","fileIdentifier":8061241,"fileName":"ipg230718.zip","fileSize":144065433,"fileDownloadUrl":"https://bulkdata.uspto.gov/data/patent/grant/redbook/fulltext/2023/ipg230718.zip","fileFromTime":"2023-07-18","fileToTime":"2023-07-18","fileType":"Data","fileReleaseDate":"2023-07-18"},{"fileLinkPath":"/BDSS-API/productFiles/8061255","fileIdentifier":8061255,"fileName":"ipg230725.zip","fileSize":119019043,"fileDownloadUrl":"https://bulkdata.uspto.gov/data/patent/grant/redbook/fulltext/2023/ipg230725.zip","fileFromTime":"2023-07-25","fileToTime":"2023-07-25","fileType":"Data","fileReleaseDate":"2023-07-25"},{"fileLinkPath":"/BDSS-API/productFiles/8061271","fileIdentifier":8061271,"fileName":"ipg230725_r1.zip","fileSize":118600321,"fileDownloadUrl":"https://bulkdata.uspto.gov/data/patent/grant/redbook/fulltext/2023/ipg230725_r1.zip","fileFromTime":"2023-07-25","fileToTime":"2023-07-25","fileType":"Data","fileReleaseDate":"2023-07-25"}]}'
    headers:
      Access-Control-Allow-Headers:
      - Content-Type
      Access-Control-Allow-Methods:
      - GET
      Content-Length:
      - '2272'
      Content-Type:
      - application/json
      Date:
      - Wed, 01 May 2024 18:45:25 GMT
      Set-Cookie:
      - TS0195c4fe=01874167c7a1ed7b516565dcedb5cc13eccdc1db4f1afa98b62a1e4bb879cbf8c4b4dab5b593225724e449b0e1a82f30504c048a59;
        Path=/; Domain=.bulkdata.uspto.gov
      X-Cnection:
      - close
      X-Frame-Options:
      - DENY
    http_version: HTTP/1.1
    status_code: 200
- request:
    body: ''
    headers:
      accept:
      - '*/*'
      accept-encoding:
      - gzip, deflate
      connection:
      - keep-alive
      cookie:
      - TS0195c4fe=01874167c7a1ed7b516565dcedb5cc13eccdc1db4f1afa98b62a1e4bb879cbf8c4b4dab5b593225724e449b0e1a82f30504c048a59
      host:
      - bulkdata.uspto.gov
      user-agent:
      - Mozilla/5.0 Python Patent Clientbot/5.0.0 (parkerhancock@users.noreply.github.com)
    method: GET
    uri: https://bulkdata.uspto.gov/BDSS-API/products/PTGRXML?fromYear=2023&fromMonth=8&fromDay=1&toYear=2023&toMonth=8&toDay=15
  response:
    content: '{"productLinkPath":"/BDSS-API/products/PTGRXML","productIdentifier":15375,"productShortName":"PTGRXML","productDesc":"Contains
      (JAN 2002 - present) the full text of each patent grant issued weekly (Tuesdays)
      (excludes images/drawings and reexaminations). The file format is eXtensible
      Markup Language (XML) in accordance with the Patent Grant International Common
      Element (ICE) Document Type Definition (DTD).","productTitle":"Patent grant
      full text data/XML","productFrequency":"WEEKLY","productLevel":"PRODUCT","productFromDate":"2002-01-01","productToDate":"2024-04-23","numberOfFiles":1189,"parentProduct":null,"productFiles":[{"fileLinkPath":"/BDSS-API/productFiles/8061291","fileIdentifier":8061291,"fileName":"ipg230801.zip","fileSize":109775017,"fileDownloadUrl":"https://bulkdata.uspto.gov/data/patent/grant/redbook/fulltext/2023/ipg230801.zip","fileFromTime":"2023-08-01","fileToTime":"2023-08-01","fileType":"Data","fileReleaseDate":"2023-08-01"},{"fileLinkPath":"/BDSS-API/productFiles/8061245","fileIdentifier":8061245,"fileName":"ipg230808.zip","fileSize":141985288,"fileDownloadUrl":"https://bulkdata.uspto.gov/data/patent/grant/redbook/fulltext/2023/ipg230808.zip","fileFromTime":"2023-08-08","fileToTime":"2023-08-08","fileType":"Data","fileReleaseDate":"2023-08-08"},{"fileLinkPath":"/BDSS-API/productFiles/8061267","fileIdentifier":8061267,"fileName":"ipg230815.zip","fileSize":159741143,"fileDownloadUrl":"https://bulkdata.uspto.gov/data/patent/grant/redbook/fulltext/2023/ipg230815.zip","fileFromTime":"2023-08-15","fileToTime":"2023-08-15","fileType":"Data","fileReleaseDate":"2023-08-15"}]}'
    headers:
      Access-Control-Allow-Headers:
      - Content-Type
      Access-Control-Allow-Methods:
      - GET
      Content-Length:
      - '1613'
      Content-Type:
      - application/json
      Date:
      - Wed, 01 May 2024 18:45:25 GMT
      Set-Cookie:
      - TS0195c4fe=01874167c7a1ed7b516565dcedb5cc13eccdc1db4f1afa98b62a1e4bb879cbf8c4b4dab5b593225724e449b0e1a82f30504c048a59;
        Path=/; Domain=.bulkdata.uspto.gov
      X-Cnection:
      - close
      X-Frame-Options:
      - DENY
    http_version: HTTP/1.1
    status_code: 200
version: 1
