interactions:
- request:
    body: '{"q": "applicationNumberText:16123456", "fields": ["applicationNumberText"]}'
    headers:
      X-API-KEY:
      - REDACTED
      accept:
      - application/json
      accept-encoding:
      - gzip, deflate
      connection:
      - keep-alive
      content-length:
      - '76'
      content-type:
      - application/json
      host:
      - beta-api.uspto.gov
      user-agent:
      - Mozilla/5.0 Python Patent Clientbot/5.0.4 (parkerhancock@users.noreply.github.com)
    method: POST
    uri: https://beta-api.uspto.gov/api/v1/patent/applications/search
  response:
    content: '{"count":1,"patentBag":[{"applicationNumberText":"16123456"}],"requestIdentifier":"00407ab7-8330-4048-9148-50e9161af7fe"}'
    headers:
      access-control-allow-headers:
      - Origin, X-Requested-With, Content-Type, Accept
      access-control-allow-methods:
      - OPTIONS,POST,GET
      access-control-allow-origin:
      - '*'
      content-length:
      - '121'
      content-type:
      - application/json
      date:
      - Fri, 03 May 2024 17:51:44 GMT
      x-amz-apigw-id:
      - XNKXkHRboAMF7Yw=
      x-amzn-requestid:
      - 00407ab7-8330-4048-9148-50e9161af7fe
      x-amzn-trace-id:
      - Root=1-66352430-18e0c4c0764c35434815b795;Parent=00bd49f51f9d96fa;Sampled=0;lineage=33e8fdb8:0
    http_version: HTTP/2
    status_code: 200
- request:
    body: '{"q": "applicationNumberText:16123456", "fields": ["firstInventorToFileIndicator",
      "filingDate", "inventorBag", "customerNumber", "groupArtUnitNumber", "inventionTitle",
      "correspondenceAddressBag", "applicationConfirmationNumber", "docketNumber",
      "applicationNumberText", "firstInventorName", "firstApplicantName", "cpcClassificationBag",
      "businessEntityStatusCategory", "earliestPublicationNumber"], "pagination":
      {"offset": 0, "limit": 1}}'
    headers:
      X-API-KEY:
      - REDACTED
      accept:
      - application/json
      accept-encoding:
      - gzip, deflate
      connection:
      - keep-alive
      content-length:
      - '441'
      content-type:
      - application/json
      host:
      - beta-api.uspto.gov
      user-agent:
      - Mozilla/5.0 Python Patent Clientbot/5.0.4 (parkerhancock@users.noreply.github.com)
    method: POST
    uri: https://beta-api.uspto.gov/api/v1/patent/applications/search
  response:
    content: '{"count":1,"patentBag":[{"firstInventorToFileIndicator":"Y","filingDate":"2018-09-06","inventorBag":[{"firstName":"Shoji","lastName":"KANADA","inventorNameText":"Shoji
      KANADA","correspondenceAddressBag":[{"cityName":"Tokyo","countryCode":"JP","nameLineOneText":"KANADA,
      Shoji","countryName":"JAPAN","postalAddressCategory":"residence"},{"cityName":"Tokyo","countryCode":"JP","nameLineOneText":"Shoji  KANADA","countryName":"JAPAN","addressLineOneText":"c/o
      FUJIFILM Corporation","addressLineTwoText":"7-3, Akasaka 9-chome, Minato-ku","postalAddressCategory":"postal"}]}],"businessEntityStatusCategory":"Regular
      Undiscounted","firstApplicantName":"FUJIFILM Corporation","customerNumber":2292,"groupArtUnitNumber":"2641","applicationNumberText":"16123456","earliestPublicationNumber":"US
      2019-0095759 A1","inventionTitle":"LEARNING ASSISTANCE DEVICE, METHOD OF OPERATING
      LEARNING ASSISTANCE DEVICE, LEARNING ASSISTANCE PROGRAM, LEARNING ASSISTANCE
      SYSTEM, AND TERMINAL DEVICE","correspondenceAddressBag":[{"cityName":"Falls
      Church","geographicRegionName":"VIRGINIA","geographicRegionCode":"VA","countryCode":"US","postalCode":"22042-1248","nameLineOneText":"BIRCH
      STEWART KOLASCH & BIRCH, LLP","countryName":"UNITED STATES","addressLineOneText":"8110
      Gatehouse Road","addressLineTwoText":"Suite 100 East"}],"firstInventorName":"Shoji
      KANADA","cpcClassificationBag":["G06N3/08","G16H30/20","G16H50/70","G16H30/40","G06N20/00","G06V10/7784","G06V10/774","G06F18/2178","G06N3/042","G06F18/217","G06F18/214","G06N3/045"],"applicationConfirmationNumber":7051,"docketNumber":"1982-1042PUS1"}],"requestIdentifier":"4e902cf2-46c1-4359-800e-e93bb61f0af3"}'
    headers:
      access-control-allow-headers:
      - Origin, X-Requested-With, Content-Type, Accept
      access-control-allow-methods:
      - OPTIONS,POST,GET
      access-control-allow-origin:
      - '*'
      content-length:
      - '1644'
      content-type:
      - application/json
      date:
      - Fri, 03 May 2024 17:51:44 GMT
      x-amz-apigw-id:
      - XNKXlFf_oAMF8og=
      x-amzn-requestid:
      - 4e902cf2-46c1-4359-800e-e93bb61f0af3
      x-amzn-trace-id:
      - Root=1-66352430-14b90ca850d12fbf643699b4;Parent=586c5bfc0b87c8ee;Sampled=0;lineage=33e8fdb8:0
    http_version: HTTP/2
    status_code: 200
- request:
    body: '{"q": "applicationNumberText:(16123456)", "fields": ["applicationNumberText"],
      "pagination": {"offset": 0, "limit": 25}}'
    headers:
      X-API-KEY:
      - REDACTED
      accept:
      - application/json
      accept-encoding:
      - gzip, deflate
      connection:
      - keep-alive
      content-length:
      - '120'
      content-type:
      - application/json
      host:
      - beta-api.uspto.gov
      user-agent:
      - Mozilla/5.0 Python Patent Clientbot/5.0.4 (parkerhancock@users.noreply.github.com)
    method: POST
    uri: https://beta-api.uspto.gov/api/v1/patent/applications/search
  response:
    content: '{"count":1,"patentBag":[{"applicationNumberText":"16123456"}],"requestIdentifier":"cbbcc7c9-80a4-4689-8dcd-1db9afc9e8e9"}'
    headers:
      access-control-allow-headers:
      - Origin, X-Requested-With, Content-Type, Accept
      access-control-allow-methods:
      - OPTIONS,POST,GET
      access-control-allow-origin:
      - '*'
      content-length:
      - '121'
      content-type:
      - application/json
      date:
      - Fri, 03 May 2024 17:51:44 GMT
      x-amz-apigw-id:
      - XNKXnFogoAMFzGQ=
      x-amzn-requestid:
      - cbbcc7c9-80a4-4689-8dcd-1db9afc9e8e9
      x-amzn-trace-id:
      - Root=1-66352430-740aa91746f58e0e43e8452c;Parent=11b5548dfc5f7feb;Sampled=0;lineage=33e8fdb8:0
    http_version: HTTP/2
    status_code: 200
- request:
    body: '{"q": "applicationNumberText:(16123456)", "fields": ["firstInventorToFileIndicator",
      "filingDate", "inventorBag", "customerNumber", "groupArtUnitNumber", "inventionTitle",
      "correspondenceAddressBag", "applicationConfirmationNumber", "docketNumber",
      "applicationNumberText", "firstInventorName", "firstApplicantName", "cpcClassificationBag",
      "businessEntityStatusCategory", "earliestPublicationNumber"], "pagination":
      {"offset": 0, "limit": 1}}'
    headers:
      X-API-KEY:
      - REDACTED
      accept:
      - application/json
      accept-encoding:
      - gzip, deflate
      connection:
      - keep-alive
      content-length:
      - '443'
      content-type:
      - application/json
      host:
      - beta-api.uspto.gov
      user-agent:
      - Mozilla/5.0 Python Patent Clientbot/5.0.4 (parkerhancock@users.noreply.github.com)
    method: POST
    uri: https://beta-api.uspto.gov/api/v1/patent/applications/search
  response:
    content: '{"count":1,"patentBag":[{"firstInventorToFileIndicator":"Y","filingDate":"2018-09-06","inventorBag":[{"firstName":"Shoji","lastName":"KANADA","inventorNameText":"Shoji
      KANADA","correspondenceAddressBag":[{"cityName":"Tokyo","countryCode":"JP","nameLineOneText":"KANADA,
      Shoji","countryName":"JAPAN","postalAddressCategory":"residence"},{"cityName":"Tokyo","countryCode":"JP","nameLineOneText":"Shoji  KANADA","countryName":"JAPAN","addressLineOneText":"c/o
      FUJIFILM Corporation","addressLineTwoText":"7-3, Akasaka 9-chome, Minato-ku","postalAddressCategory":"postal"}]}],"businessEntityStatusCategory":"Regular
      Undiscounted","firstApplicantName":"FUJIFILM Corporation","customerNumber":2292,"groupArtUnitNumber":"2641","applicationNumberText":"16123456","earliestPublicationNumber":"US
      2019-0095759 A1","inventionTitle":"LEARNING ASSISTANCE DEVICE, METHOD OF OPERATING
      LEARNING ASSISTANCE DEVICE, LEARNING ASSISTANCE PROGRAM, LEARNING ASSISTANCE
      SYSTEM, AND TERMINAL DEVICE","correspondenceAddressBag":[{"cityName":"Falls
      Church","geographicRegionName":"VIRGINIA","geographicRegionCode":"VA","countryCode":"US","postalCode":"22042-1248","nameLineOneText":"BIRCH
      STEWART KOLASCH & BIRCH, LLP","countryName":"UNITED STATES","addressLineOneText":"8110
      Gatehouse Road","addressLineTwoText":"Suite 100 East"}],"firstInventorName":"Shoji
      KANADA","cpcClassificationBag":["G06N3/08","G16H30/20","G16H50/70","G16H30/40","G06N20/00","G06V10/7784","G06V10/774","G06F18/2178","G06N3/042","G06F18/217","G06F18/214","G06N3/045"],"applicationConfirmationNumber":7051,"docketNumber":"1982-1042PUS1"}],"requestIdentifier":"4a531e50-c0f4-4b4d-ac37-110832a6aa1a"}'
    headers:
      access-control-allow-headers:
      - Origin, X-Requested-With, Content-Type, Accept
      access-control-allow-methods:
      - OPTIONS,POST,GET
      access-control-allow-origin:
      - '*'
      content-length:
      - '1644'
      content-type:
      - application/json
      date:
      - Fri, 03 May 2024 17:51:44 GMT
      x-amz-apigw-id:
      - XNKXoGopIAMF2RQ=
      x-amzn-requestid:
      - 4a531e50-c0f4-4b4d-ac37-110832a6aa1a
      x-amzn-trace-id:
      - Root=1-66352430-0268cd1930e1b37d0385aa51;Parent=0d4cefd9bd8a665c;Sampled=0;lineage=33e8fdb8:0
    http_version: HTTP/2
    status_code: 200
version: 1
